Copying file ABOUT-NLS
Copying file config.rpath
Copying file m4/codeset.m4
Copying file m4/fcntl-o.m4
Copying file m4/gettext.m4
Copying file m4/glibc2.m4
Copying file m4/glibc21.m4
Copying file m4/iconv.m4
Copying file m4/intdiv0.m4
Copying file m4/intl.m4
Copying file m4/intldir.m4
Copying file m4/intlmacosx.m4
Copying file m4/intmax.m4
Copying file m4/inttypes-pri.m4
Copying file m4/inttypes_h.m4
Copying file m4/lcmessage.m4
Copying file m4/lib-ld.m4
Copying file m4/lib-link.m4
Copying file m4/lock.m4
Copying file m4/longlong.m4
Copying file m4/po.m4
Copying file m4/printf-posix.m4
Copying file m4/progtest.m4
Copying file m4/size_max.m4
Copying file m4/stdint_h.m4
Copying file m4/threadlib.m4
Copying file m4/uintmax_t.m4
Copying file m4/visibility.m4
Copying file m4/wchar_t.m4
Copying file m4/wint_t.m4
Copying file m4/xsize.m4
Copying file po/Makefile.in.in
Copying file po/Makevars.template
Copying file po/Rules-quot
Copying file po/boldquot.sed
Copying file po/en@boldquot.header
Copying file po/en@quot.header
Copying file po/insert-header.sin
Copying file po/quot.sed
Copying file po/remove-potcdate.sin
aclocal: overwriting 'm4/pkg.m4' with '/usr/share/aclocal/pkg.m4'
configure.ac:18: installing './compile'
configure.ac:28: installing './config.guess'
configure.ac:28: installing './config.sub'
configure.ac:7: installing './install-sh'
configure.ac:7: installing './missing'
src/Makefile.am: installing './depcomp'
