checking for a BSD-compatible install... /usr/bin/install -c
checking whether build environment is sane... yes
checking for a race-free mkdir -p... /usr/bin/mkdir -p
checking for gawk... no
checking for mawk... mawk
checking whether make sets $(MAKE)... yes
checking whether make supports nested variables... yes
checking for g++... g++
checking whether the C++ compiler works... yes
checking for C++ compiler default output file name... a.out
checking for suffix of executables... 
checking whether we are cross compiling... no
checking for suffix of object files... o
checking whether the compiler supports GNU C++... yes
checking whether g++ accepts -g... yes
checking for g++ option to enable C++11 features... none needed
checking whether make supports the include directive... yes (GNU style)
checking dependency style of g++... gcc3
checking for pkg-config... /usr/bin/pkg-config
checking pkg-config is at least version 0.9.0... yes
checking for gcc... gcc
checking whether the compiler supports GNU C... yes
checking whether gcc accepts -g... yes
checking for gcc option to enable C11 features... none needed
checking whether gcc understands -c and -o together... yes
checking dependency style of gcc... gcc3
checking for stdio.h... yes
checking for stdlib.h... yes
checking for string.h... yes
checking for inttypes.h... yes
checking for stdint.h... yes
checking for strings.h... yes
checking for sys/stat.h... yes
checking for sys/types.h... yes
checking for unistd.h... yes
checking for sys/time.h... yes
checking for fcntl.h... yes
checking for stdlib.h... (cached) yes
checking for string.h... (cached) yes
checking for unistd.h... (cached) yes
checking for locale.h... yes
checking for libintl.h... yes
checking for _Bool... yes
checking for stdbool.h that conforms to C99... yes
checking for an ANSI C-conforming const... yes
checking for inline... inline
checking whether struct tm is in sys/time.h or time.h... time.h
checking for size_t... yes
checking build system type... aarch64-unknown-linux-gnu
checking host system type... aarch64-unknown-linux-gnu
checking for GNU libc compatible malloc... yes
checking whether lstat correctly handles trailing slash... yes
checking whether stat accepts an empty string... no
checking for vprintf... yes
checking for alarm... yes
checking for working mktime... yes
checking for atexit... yes
checking for floor... no
checking for setenv... yes
checking for sqrt... no
checking for strcasecmp... yes
checking for strchr... yes
checking for strerror... yes
checking for strrchr... yes
checking for memset... yes
checking for setlocale... yes
checking for strdup... yes
checking for tzset... yes
checking whether NLS is requested... yes
checking for msgfmt... /usr/bin/msgfmt
checking for gmsgfmt... /usr/bin/msgfmt
checking for xgettext... /usr/bin/xgettext
checking for msgmerge... /usr/bin/msgmerge
checking for ld used by gcc... /usr/bin/ld
checking if the linker (/usr/bin/ld) is GNU ld... yes
checking for shared library run path origin... done
checking how to run the C preprocessor... gcc -E
checking for grep that handles long lines and -e... /usr/bin/grep
checking for egrep... /usr/bin/grep -E
checking for CFPreferencesCopyAppValue... no
checking for CFLocaleCopyCurrent... no
checking for GNU gettext in libc... yes
checking whether to use NLS... yes
checking where the gettext function comes from... libc
checking for pkg-config... (cached) /usr/bin/pkg-config
checking pkg-config is at least version 0.9.0... yes
checking for gl... yes
checking for GL/gl.h... yes
checking for compiling a minimal OpenGL program... yes
checking for linking a minimal OpenGL program... yes
checking for pkg-config... (cached) /usr/bin/pkg-config
checking pkg-config is at least version 0.9.0... yes
checking for glu... yes
checking for GL/glu.h... yes
checking for compiling a minimal OpenGL Utility (GLU) program... yes
checking for linking a minimal GLU program... yes
checking if GLU varargs tesselator is using non-standard form... no
checking for GL/glc.h... yes
checking for QuesoGLC/glc.h... no
checking for glcGenContext in -lGLC... yes
checking for glcGenContext in -lglc32... no
checking for ftgl >= 2.1.3... yes
checking for fontconfig... yes
checking for sdl2... yes
checking for sdl >= 1.1.6... no
checking for library containing glutMainLoop... no
checking for GL/glut.h... no
checking for openal... no
checking for freealut... no
checking for SDL2_mixer... yes
checking for SDL_mixer... no
checking for SDL2_image... yes
checking for SDL_image... no
checking for GL/glpng.h... no
checking for glpng/glpng.h... no
checking for pngBind in -lglpng... no
configure: WARNING: Using SDL2_image to load images into textures, some rendering artifacts may be present
checking that generated files are newer than configure... done
configure: creating ./config.status
config.status: creating Makefile
config.status: creating data/doc/Makefile
config.status: creating data/doc/images/Makefile
config.status: creating data/png/Makefile
config.status: creating data/wav/Makefile
config.status: creating data/Makefile
config.status: creating misc/Makefile
config.status: creating src/Makefile
config.status: creating m4/Makefile
config.status: creating po/Makefile.in
config.status: creating chromium-bsu-config.h
config.status: executing depfiles commands
config.status: executing po-directories commands
config.status: creating po/POTFILES
config.status: creating po/Makefile


Chromium B.S.U. ready for building!

  Window type: SDL2
  Window icon: yes
  Image type:  SDL2_image
  Audio type:  SDL mixer
  Text type:   GLC
  Font search: default (bold Gothic Uralic)

Type 'make' to build.


